
Allocating common symbols
Common symbol       size              file

spi_is_open         0x4               Obj/Driver_spi.o
uart_is_opened      0x4               Obj/Driver_uart.o
_uart_data          0x208             Obj/Driver_uart.o
drivers             0x460             Obj/Drivers.o

Memory Configuration

Name             Origin             Length             Attributes
ram              0x0000000000008000 0x0000000000010000
*default*        0x0000000000000000 0xffffffffffffffff

Linker script and memory map

LOAD Obj/Boot.o
LOAD Obj/Syscalls.o
LOAD Obj/Contextswitch.o
LOAD Obj/Kernel.o
LOAD Obj/Printk.o
LOAD Obj/Utils.o
LOAD Obj/Gpio.o
LOAD Obj/Drivers.o
LOAD Obj/IRQ.o
LOAD Obj/Task.o
LOAD Obj/Timer.o
LOAD Obj/ILI9340.o
LOAD Obj/Driver_spi.o
LOAD Obj/Driver_uart.o
LOAD Obj/Init.o
LOAD Obj/LcdTest.o
LOAD Obj/Memory.o
LOAD Obj/Terminal.o
LOAD Obj/stdio.o
LOAD Obj/string.o

.text           0x0000000000008000     0x1f50
 *(.text*)
 .text          0x0000000000008000       0xb8 Obj/Boot.o
                0x0000000000008000                _start
                0x0000000000008070                mmio_write
                0x0000000000008078                mmio_read
                0x0000000000008080                dummy
                0x0000000000008084                NOP
                0x0000000000008088                __irq_global_enable
                0x0000000000008098                __irq_global_disable
 .text          0x00000000000080b8       0xa0 Obj/Syscalls.o
                0x00000000000080b8                yield
                0x00000000000080c8                fork
                0x00000000000080d8                exit
                0x00000000000080e8                getpid
                0x00000000000080f8                write
                0x0000000000008108                read
                0x0000000000008118                open
                0x0000000000008128                close
                0x0000000000008138                peek
                0x0000000000008148                sleep
 .text          0x0000000000008158       0x80 Obj/Contextswitch.o
                0x0000000000008158                activate
                0x0000000000008180                software_interrupt
                0x00000000000081a4                hardware_interrupt
 .text          0x00000000000081d8      0x4f8 Obj/Kernel.o
                0x00000000000081d8                kmain
                0x00000000000086b0                crashdump
                0x00000000000086c4                get_krn_mode
 .text          0x00000000000086d0      0x414 Obj/Printk.o
                0x00000000000086d0                _init_printk
                0x00000000000086e4                printk
 .text          0x0000000000008ae4      0x188 Obj/Utils.o
                0x0000000000008ae4                _k_memcpy
                0x0000000000008b08                _k_memset
                0x0000000000008b24                _k_strcmp
                0x0000000000008b84                _k_strlen
                0x0000000000008bac                _k_strcpy
                0x0000000000008bf0                rb_init
                0x0000000000008c00                rb_push
                0x0000000000008c24                rb_pop
                0x0000000000008c50                rb_len
 .text          0x0000000000008c6c       0xa8 Obj/Gpio.o
                0x0000000000008c6c                gpio_enable_pin
                0x0000000000008cc4                gpio_set_pin
                0x0000000000008cf8                gpio_clear_pin
 .text          0x0000000000008d14      0x180 Obj/Drivers.o
                0x0000000000008d14                init_device_driver_struct
                0x0000000000008d54                drivers_register_serial
                0x0000000000008e04                drivers_find_device
                0x0000000000008e4c                drivers_find_device_id
 .text          0x0000000000008e94      0x4b4 Obj/IRQ.o
                0x0000000000008e94                irq_init_data
                0x0000000000008ed4                irq_global_enable
                0x0000000000008ee4                irq_global_disable
                0x0000000000008ef4                irq_global_reset
                0x0000000000008f08                irq_enable
                0x0000000000008f68                irq_disable
                0x0000000000008fc8                irq_handler_free
                0x000000000000901c                irq_handler_register
                0x0000000000009090                irq_find_handler
                0x00000000000090d4                irq_waiting2
                0x000000000000914c                irq_waiting
                0x000000000000921c                irq_debug
 .text          0x0000000000009348       0x98 Obj/Task.o
                0x0000000000009348                task_stack_init
                0x0000000000009378                task_stack_copy
                0x00000000000093a4                task_nextfree
 .text          0x00000000000093e0       0x48 Obj/Timer.o
                0x00000000000093e0                timer_init
                0x000000000000940c                timer_irq_ack
 .text          0x0000000000009428        0x0 Obj/ILI9340.o
 .text          0x0000000000009428      0x194 Obj/Driver_spi.o
                0x0000000000009428                spi_close
                0x0000000000009440                spi_writechar
                0x00000000000094a0                spi_write
                0x00000000000094e0                spi_open
                0x000000000000958c                spi_init_driver
 .text          0x00000000000095bc      0x300 Obj/Driver_uart.o
                0x00000000000095bc                uart_peek
                0x00000000000095d4                uart_read
                0x0000000000009630                uart_writechar
                0x0000000000009668                uart_write
                0x00000000000096a8                uart_close
                0x00000000000096d0                uart_open
                0x0000000000009810                uart_irq_handler
                0x000000000000988c                uart_init_driver
 .text          0x00000000000098bc       0x50 Obj/Init.o
                0x00000000000098bc                app_init
 .text          0x000000000000990c       0x58 Obj/LcdTest.o
                0x000000000000990c                lcd_main
 .text          0x0000000000009964        0x4 Obj/Memory.o
                0x0000000000009964                memory_main
 .text          0x0000000000009968      0x1ec Obj/Terminal.o
                0x0000000000009968                terminal_handle_command
                0x0000000000009a44                terminal_main
 .text          0x0000000000009b54      0x300 Obj/stdio.o
                0x0000000000009b54                fputc
                0x0000000000009b80                fputs
                0x0000000000009bdc                fprintf
 .text          0x0000000000009e54       0xfc Obj/string.o
                0x0000000000009e54                memcpy
                0x0000000000009e78                memset
                0x0000000000009e94                strcmp
                0x0000000000009ee4                strlen
                0x0000000000009f0c                strcpy

.rodata.str1.4  0x0000000000009f50      0x2f4
 .rodata.str1.4
                0x0000000000009f50       0xe7 Obj/Kernel.o
                                         0xe8 (size before relaxing)
 *fill*         0x000000000000a037        0x1 
 .rodata.str1.4
                0x000000000000a038       0x30 Obj/Printk.o
 .rodata.str1.4
                0x000000000000a068      0x10e Obj/IRQ.o
                                        0x110 (size before relaxing)
 *fill*         0x000000000000a176        0x2 
 .rodata.str1.4
                0x000000000000a178        0x5 Obj/Driver_spi.o
                                          0x8 (size before relaxing)
 .rodata.str1.4
                0x0000000000000000        0x8 Obj/Driver_uart.o
 .rodata.str1.4
                0x0000000000000000        0x8 Obj/Init.o
 *fill*         0x000000000000a17d        0x3 
 .rodata.str1.4
                0x000000000000a180       0x32 Obj/LcdTest.o
                                         0x34 (size before relaxing)
 *fill*         0x000000000000a1b2        0x2 
 .rodata.str1.4
                0x000000000000a1b4       0x90 Obj/Terminal.o

.rodata         0x000000000000a244        0xc
 .rodata        0x000000000000a244        0xc Obj/Terminal.o

.data           0x000000000000a250       0x30
 .data          0x000000000000a250        0x0 Obj/Boot.o
 .data          0x000000000000a250        0x0 Obj/Syscalls.o
 .data          0x000000000000a250        0x0 Obj/Contextswitch.o
 .data          0x000000000000a250        0x0 Obj/Kernel.o
 .data          0x000000000000a250        0x0 Obj/Printk.o
 .data          0x000000000000a250        0x0 Obj/Utils.o
 .data          0x000000000000a250        0x0 Obj/Gpio.o
 .data          0x000000000000a250        0x0 Obj/Drivers.o
 .data          0x000000000000a250        0x0 Obj/IRQ.o
 .data          0x000000000000a250        0x0 Obj/Task.o
 .data          0x000000000000a250        0x0 Obj/Timer.o
 .data          0x000000000000a250        0x0 Obj/ILI9340.o
 .data          0x000000000000a250       0x18 Obj/Driver_spi.o
                0x000000000000a250                __spidriver
 .data          0x000000000000a268       0x18 Obj/Driver_uart.o
                0x000000000000a268                __uartdriver
 .data          0x000000000000a280        0x0 Obj/Init.o
 .data          0x000000000000a280        0x0 Obj/LcdTest.o
 .data          0x000000000000a280        0x0 Obj/Memory.o
 .data          0x000000000000a280        0x0 Obj/Terminal.o
 .data          0x000000000000a280        0x0 Obj/stdio.o
 .data          0x000000000000a280        0x0 Obj/string.o

.igot.plt       0x000000000000a280        0x0
 .igot.plt      0x0000000000000000        0x0 Obj/Boot.o

.glue_7         0x000000000000a280        0x0
 .glue_7        0x0000000000000000        0x0 linker stubs

.glue_7t        0x000000000000a280        0x0
 .glue_7t       0x0000000000000000        0x0 linker stubs

.vfp11_veneer   0x000000000000a280        0x0
 .vfp11_veneer  0x0000000000000000        0x0 linker stubs

.v4_bx          0x000000000000a280        0x0
 .v4_bx         0x0000000000000000        0x0 linker stubs

.iplt           0x000000000000a280        0x0
 .iplt          0x0000000000000000        0x0 Obj/Boot.o

.rel.dyn        0x000000000000a280        0x0
 .rel.iplt      0x0000000000000000        0x0 Obj/Boot.o

.bss            0x000000000000a280      0x6fc
 *(.bss*)
 .bss           0x000000000000a280        0x0 Obj/Boot.o
 .bss           0x000000000000a280        0x0 Obj/Syscalls.o
 .bss           0x000000000000a280        0x0 Obj/Contextswitch.o
 .bss           0x000000000000a280        0x0 Obj/Kernel.o
 .bss           0x000000000000a280        0x4 Obj/Printk.o
                0x000000000000a280                __pk_serial
 .bss           0x000000000000a284        0x0 Obj/Utils.o
 .bss           0x000000000000a284        0x0 Obj/Gpio.o
 .bss           0x000000000000a284        0x4 Obj/Drivers.o
                0x000000000000a284                next_driver_id
 .bss           0x000000000000a288       0x7c Obj/IRQ.o
 .bss           0x000000000000a304        0x0 Obj/Task.o
 .bss           0x000000000000a304        0x0 Obj/Timer.o
 .bss           0x000000000000a304        0x0 Obj/ILI9340.o
 .bss           0x000000000000a304        0x0 Obj/Driver_spi.o
 .bss           0x000000000000a304        0x0 Obj/Driver_uart.o
 .bss           0x000000000000a304        0x8 Obj/Init.o
                0x000000000000a304                stdout
                0x000000000000a308                stdin
 .bss           0x000000000000a30c        0x0 Obj/LcdTest.o
 .bss           0x000000000000a30c        0x0 Obj/Memory.o
 .bss           0x000000000000a30c        0x0 Obj/Terminal.o
 .bss           0x000000000000a30c        0x0 Obj/stdio.o
 .bss           0x000000000000a30c        0x0 Obj/string.o
 COMMON         0x000000000000a30c      0x460 Obj/Drivers.o
                0x000000000000a30c                drivers
 COMMON         0x000000000000a76c        0x4 Obj/Driver_spi.o
                0x000000000000a76c                spi_is_open
 COMMON         0x000000000000a770      0x20c Obj/Driver_uart.o
                0x000000000000a770                uart_is_opened
                0x000000000000a774                _uart_data
OUTPUT(Obj/output.elf elf32-littlearm)

.ARM.attributes
                0x0000000000000000       0x2b
 .ARM.attributes
                0x0000000000000000       0x16 Obj/Boot.o
 .ARM.attributes
                0x0000000000000016       0x16 Obj/Syscalls.o
 .ARM.attributes
                0x000000000000002c       0x16 Obj/Contextswitch.o
 .ARM.attributes
                0x0000000000000042       0x30 Obj/Kernel.o
 .ARM.attributes
                0x0000000000000072       0x30 Obj/Printk.o
 .ARM.attributes
                0x00000000000000a2       0x30 Obj/Utils.o
 .ARM.attributes
                0x00000000000000d2       0x30 Obj/Gpio.o
 .ARM.attributes
                0x0000000000000102       0x30 Obj/Drivers.o
 .ARM.attributes
                0x0000000000000132       0x30 Obj/IRQ.o
 .ARM.attributes
                0x0000000000000162       0x30 Obj/Task.o
 .ARM.attributes
                0x0000000000000192       0x30 Obj/Timer.o
 .ARM.attributes
                0x00000000000001c2       0x30 Obj/ILI9340.o
 .ARM.attributes
                0x00000000000001f2       0x30 Obj/Driver_spi.o
 .ARM.attributes
                0x0000000000000222       0x30 Obj/Driver_uart.o
 .ARM.attributes
                0x0000000000000252       0x30 Obj/Init.o
 .ARM.attributes
                0x0000000000000282       0x30 Obj/LcdTest.o
 .ARM.attributes
                0x00000000000002b2       0x30 Obj/Memory.o
 .ARM.attributes
                0x00000000000002e2       0x30 Obj/Terminal.o
 .ARM.attributes
                0x0000000000000312       0x30 Obj/stdio.o
 .ARM.attributes
                0x0000000000000342       0x30 Obj/string.o

.comment        0x0000000000000000       0x70
 .comment       0x0000000000000000       0x70 Obj/Kernel.o
                                         0x71 (size before relaxing)
 .comment       0x0000000000000000       0x71 Obj/Printk.o
 .comment       0x0000000000000000       0x71 Obj/Utils.o
 .comment       0x0000000000000000       0x71 Obj/Gpio.o
 .comment       0x0000000000000000       0x71 Obj/Drivers.o
 .comment       0x0000000000000000       0x71 Obj/IRQ.o
 .comment       0x0000000000000000       0x71 Obj/Task.o
 .comment       0x0000000000000000       0x71 Obj/Timer.o
 .comment       0x0000000000000000       0x71 Obj/ILI9340.o
 .comment       0x0000000000000000       0x71 Obj/Driver_spi.o
 .comment       0x0000000000000000       0x71 Obj/Driver_uart.o
 .comment       0x0000000000000000       0x71 Obj/Init.o
 .comment       0x0000000000000000       0x71 Obj/LcdTest.o
 .comment       0x0000000000000000       0x71 Obj/Memory.o
 .comment       0x0000000000000000       0x71 Obj/Terminal.o
 .comment       0x0000000000000000       0x71 Obj/stdio.o
 .comment       0x0000000000000000       0x71 Obj/string.o
